{
  "custom": "hello world",
  "value": 801.9702463150024
}
