{
  "options": {
    "check": {
      "duration": 30000000000,
      "verbosity": "off"
    },
    "format": {
      "disable": {
        "progression": true
      }
    },
    "model": {
      "constraints": {
        "disable": {
          "attributes": false,
          "capacities": null,
          "capacity": false,
          "distance_limit": false,
          "groups": false,
          "maximum_duration": false,
          "maximum_stops": false,
          "maximum_wait_stop": false,
          "maximum_wait_vehicle": false,
          "mixing_items": false,
          "precedence": false,
          "start_time_windows": false,
          "vehicle_end_time": false,
          "vehicle_start_time": false
        },
        "enable": {
          "cluster": false,
          "interleave": false
        }
      },
      "objectives": {
        "capacities": "",
        "cluster": 0,
        "early_arrival_penalty": 1,
        "late_arrival_penalty": 1,
        "min_stops": 1,
        "travel_duration": 0,
        "unplanned_penalty": 1,
        "vehicle_activation_penalty": 1,
        "vehicles_duration": 1
      },
      "properties": {
        "disable": {
          "duration_groups": false,
          "durations": false,
          "initial_solution": false,
          "stop_duration_multipliers": false
        }
      },
      "validate": {
        "disable": {
          "resources": false,
          "start_time": false
        },
        "enable": {
          "matrix": false,
          "matrix_asymmetry_tolerance": 20
        }
      }
    },
    "solve": {
      "duration": 10000000000,
      "iterations": 50,
      "parallel_runs": 1,
      "run_deterministically": true,
      "start_solutions": 1
    }
  },
  "solutions": [
    {
      "objective": {
        "name": "1 * vehicles_duration + 1 * unplanned_penalty",
        "objectives": [
          {
            "base": 1692.229467672225,
            "factor": 1,
            "name": "vehicles_duration",
            "value": 1692.229467672225
          },
          {
            "factor": 1,
            "name": "unplanned_penalty",
            "value": 0
          }
        ],
        "value": 1692.229467672225
      },
      "unplanned": [],
      "vehicles": [
        {
          "id": "v1",
          "route": [
            {
              "cumulative_travel_duration": 0,
              "stop": {
                "id": "v1-start",
                "location": {
                  "lat": 35.017209,
                  "lon": 135.672009
                }
              },
              "travel_duration": 0
            },
            {
              "cumulative_travel_distance": 5752,
              "cumulative_travel_duration": 287,
              "stop": {
                "custom_data": {
                  "type": "kosher"
                },
                "id": "Kinkaku-ji",
                "location": {
                  "lat": 35.039705,
                  "lon": 135.728898
                }
              },
              "travel_distance": 5752,
              "travel_duration": 287
            },
            {
              "cumulative_travel_distance": 9081,
              "cumulative_travel_duration": 454,
              "stop": {
                "custom_data": {
                  "type": "kosher"
                },
                "id": "Nij≈ç Castle",
                "location": {
                  "lat": 35.014239,
                  "lon": 135.748134
                }
              },
              "travel_distance": 3329,
              "travel_duration": 166
            },
            {
              "cumulative_travel_distance": 11911,
              "cumulative_travel_duration": 595,
              "stop": {
                "custom_data": {
                  "type": "kosher"
                },
                "id": "Gionmachi",
                "location": {
                  "lat": 35.002457,
                  "lon": 135.775682
                }
              },
              "travel_distance": 2830,
              "travel_duration": 141
            },
            {
              "cumulative_travel_distance": 15846,
              "cumulative_travel_duration": 792,
              "stop": {
                "custom_data": {
                  "type": "kosher"
                },
                "id": "Fushimi Inari Taisha",
                "location": {
                  "lat": 34.967146,
                  "lon": 135.772695
                }
              },
              "travel_distance": 3935,
              "travel_duration": 196
            }
          ],
          "route_duration": 792,
          "route_travel_distance": 15846,
          "route_travel_duration": 792
        },
        {
          "id": "v2",
          "route": [
            {
              "cumulative_travel_duration": 0,
              "stop": {
                "id": "v2-start",
                "location": {
                  "lat": 35.039705,
                  "lon": 135.728898
                }
              },
              "travel_duration": 0
            },
            {
              "cumulative_travel_distance": 5752,
              "cumulative_travel_duration": 287,
              "stop": {
                "custom_data": {
                  "type": "non-kosher"
                },
                "id": "Arashiyama Bamboo Forest",
                "location": {
                  "lat": 35.017209,
                  "lon": 135.672009
                }
              },
              "travel_distance": 5752,
              "travel_duration": 287
            },
            {
              "cumulative_travel_distance": 14002,
              "cumulative_travel_duration": 700,
              "stop": {
                "custom_data": {
                  "type": "non-kosher"
                },
                "id": "Kyoto Imperial Palace",
                "location": {
                  "lat": 35.025431,
                  "lon": 135.762057
                }
              },
              "travel_distance": 8250,
              "travel_duration": 412
            },
            {
              "cumulative_travel_distance": 17995,
              "cumulative_travel_duration": 899,
              "stop": {
                "custom_data": {
                  "type": "non-kosher"
                },
                "id": "Kiyomizu-dera",
                "location": {
                  "lat": 34.994857,
                  "lon": 135.78506
                }
              },
              "travel_distance": 3993,
              "travel_duration": 199
            }
          ],
          "route_duration": 899,
          "route_travel_distance": 17995,
          "route_travel_duration": 899
        }
      ]
    }
  ],
  "statistics": {
    "result": {
      "custom": {
        "activated_vehicles": 2,
        "max_duration": 899,
        "max_stops_in_vehicle": 4,
        "max_travel_duration": 899,
        "min_duration": 792,
        "min_stops_in_vehicle": 3,
        "min_travel_duration": 792,
        "unplanned_stops": 0
      },
      "duration": 0.123,
      "value": 1692.229467672225
    },
    "run": {
      "duration": 0.123,
      "iterations": 50
    },
    "schema": "v1"
  },
  "version": {
    "sdk": "VERSION"
  }
}
