{
  "options": {
    "check": {
      "duration": 30000000000,
      "verbosity": "off"
    },
    "format": {
      "disable": {
        "progression": true
      }
    },
    "model": {
      "constraints": {
        "disable": {
          "attributes": false,
          "capacities": null,
          "capacity": false,
          "distance_limit": false,
          "groups": false,
          "maximum_duration": false,
          "maximum_stops": false,
          "maximum_wait_stop": false,
          "maximum_wait_vehicle": false,
          "mixing_items": false,
          "precedence": false,
          "start_time_windows": false,
          "vehicle_end_time": false,
          "vehicle_start_time": false
        },
        "enable": {
          "cluster": false
        }
      },
      "objectives": {
        "capacities": "",
        "cluster": 0,
        "early_arrival_penalty": 1,
        "late_arrival_penalty": 1,
        "min_stops": 1,
        "stop_balance": 0,
        "travel_duration": 0,
        "unplanned_penalty": 1,
        "vehicle_activation_penalty": 1,
        "vehicles_duration": 1
      },
      "properties": {
        "disable": {
          "duration_groups": false,
          "durations": false,
          "initial_solution": false,
          "stop_duration_multipliers": false
        }
      },
      "validate": {
        "disable": {
          "resources": false,
          "start_time": false
        },
        "enable": {
          "matrix": false,
          "matrix_asymmetry_tolerance": 20
        }
      }
    },
    "solve": {
      "duration": 10000000000,
      "iterations": 50,
      "parallel_runs": 1,
      "run_deterministically": true,
      "start_solutions": 1
    }
  },
  "solutions": [
    {
      "objective": {
        "name": "1 * vehicles_duration + 1 * unplanned_penalty + 1 * early_arrival_penalty + 1 * late_arrival_penalty",
        "objectives": [
          {
            "base": 6351.082469701767,
            "factor": 1,
            "name": "vehicles_duration",
            "value": 6351.082469701767
          },
          {
            "factor": 1,
            "name": "unplanned_penalty",
            "value": 0
          },
          {
            "base": 4217.552098274231,
            "factor": 1,
            "name": "early_arrival_penalty",
            "value": 4217.552098274231
          },
          {
            "base": 681.325391292572,
            "factor": 1,
            "name": "late_arrival_penalty",
            "value": 681.325391292572
          }
        ],
        "value": 11249.95995926857
      },
      "unplanned": [],
      "vehicles": [
        {
          "id": "v1",
          "route": [
            {
              "arrival_time": "2023-01-01T12:00:00Z",
              "cumulative_travel_duration": 0,
              "end_time": "2023-01-01T12:00:00Z",
              "start_time": "2023-01-01T12:00:00Z",
              "stop": {
                "id": "v1-start",
                "location": {
                  "lat": 34.967146,
                  "lon": 135.772695
                }
              },
              "travel_duration": 0
            },
            {
              "arrival_time": "2023-01-01T12:07:16Z",
              "cumulative_travel_distance": 6553,
              "cumulative_travel_duration": 436,
              "duration": 300,
              "early_arrival_duration": 764,
              "end_time": "2023-01-01T12:12:16Z",
              "start_time": "2023-01-01T12:07:16Z",
              "stop": {
                "id": "Kyoto Imperial Palace",
                "location": {
                  "lat": 35.025431,
                  "lon": 135.762057
                }
              },
              "target_arrival_time": "2023-01-01T12:20:00Z",
              "travel_distance": 6553,
              "travel_duration": 436
            },
            {
              "arrival_time": "2023-01-01T12:19:33Z",
              "cumulative_travel_distance": 13106,
              "cumulative_travel_duration": 873,
              "duration": 300,
              "early_arrival_duration": 27,
              "end_time": "2023-01-01T12:24:33Z",
              "start_time": "2023-01-01T12:19:33Z",
              "stop": {
                "id": "Fushimi Inari Taisha",
                "location": {
                  "lat": 34.967146,
                  "lon": 135.772695
                }
              },
              "target_arrival_time": "2023-01-01T12:20:00Z",
              "travel_distance": 6553,
              "travel_duration": 436
            },
            {
              "arrival_time": "2023-01-01T12:24:33Z",
              "cumulative_travel_distance": 13106,
              "cumulative_travel_duration": 873,
              "end_time": "2023-01-01T12:24:33Z",
              "start_time": "2023-01-01T12:24:33Z",
              "stop": {
                "id": "v1-end",
                "location": {
                  "lat": 34.967146,
                  "lon": 135.772695
                }
              },
              "travel_duration": 0
            }
          ],
          "route_duration": 1473,
          "route_stops_duration": 600,
          "route_travel_distance": 13106,
          "route_travel_duration": 873
        },
        {
          "id": "v2",
          "route": [
            {
              "arrival_time": "2023-01-01T12:00:00Z",
              "cumulative_travel_duration": 0,
              "end_time": "2023-01-01T12:00:00Z",
              "start_time": "2023-01-01T12:00:00Z",
              "stop": {
                "id": "v2-start",
                "location": {
                  "lat": 34.967146,
                  "lon": 135.772695
                }
              },
              "travel_duration": 0
            },
            {
              "arrival_time": "2023-01-01T12:10:00Z",
              "cumulative_travel_distance": 9000,
              "cumulative_travel_duration": 600,
              "duration": 300,
              "early_arrival_duration": 600,
              "end_time": "2023-01-01T12:15:00Z",
              "start_time": "2023-01-01T12:10:00Z",
              "stop": {
                "id": "Kinkaku-ji",
                "location": {
                  "lat": 35.039705,
                  "lon": 135.728898
                }
              },
              "target_arrival_time": "2023-01-01T12:20:00Z",
              "travel_distance": 9000,
              "travel_duration": 600
            },
            {
              "arrival_time": "2023-01-01T12:22:56Z",
              "cumulative_travel_distance": 16143,
              "cumulative_travel_duration": 1076,
              "duration": 300,
              "end_time": "2023-01-01T12:27:56Z",
              "late_arrival_duration": 176,
              "start_time": "2023-01-01T12:22:56Z",
              "stop": {
                "id": "Kiyomizu-dera",
                "location": {
                  "lat": 34.994857,
                  "lon": 135.78506
                }
              },
              "target_arrival_time": "2023-01-01T12:20:00Z",
              "travel_distance": 7143,
              "travel_duration": 476
            },
            {
              "arrival_time": "2023-01-01T12:31:34Z",
              "cumulative_travel_distance": 19423,
              "cumulative_travel_duration": 1294,
              "end_time": "2023-01-01T12:31:34Z",
              "start_time": "2023-01-01T12:31:34Z",
              "stop": {
                "id": "v2-end",
                "location": {
                  "lat": 34.967146,
                  "lon": 135.772695
                }
              },
              "travel_distance": 3280,
              "travel_duration": 218
            }
          ],
          "route_duration": 1894,
          "route_stops_duration": 600,
          "route_travel_distance": 19423,
          "route_travel_duration": 1294
        },
        {
          "id": "v3",
          "route": [
            {
              "arrival_time": "2023-01-01T12:00:00Z",
              "cumulative_travel_duration": 0,
              "end_time": "2023-01-01T12:00:00Z",
              "start_time": "2023-01-01T12:00:00Z",
              "stop": {
                "id": "v3-start",
                "location": {
                  "lat": 34.967146,
                  "lon": 135.772695
                }
              },
              "travel_duration": 0
            },
            {
              "arrival_time": "2023-01-01T12:04:22Z",
              "cumulative_travel_distance": 3935,
              "cumulative_travel_duration": 262,
              "duration": 300,
              "early_arrival_duration": 938,
              "end_time": "2023-01-01T12:09:22Z",
              "start_time": "2023-01-01T12:04:22Z",
              "stop": {
                "id": "Gionmachi",
                "location": {
                  "lat": 35.002457,
                  "lon": 135.775682
                }
              },
              "target_arrival_time": "2023-01-01T12:20:00Z",
              "travel_distance": 3935,
              "travel_duration": 262
            },
            {
              "arrival_time": "2023-01-01T12:13:44Z",
              "cumulative_travel_distance": 7870,
              "cumulative_travel_duration": 524,
              "end_time": "2023-01-01T12:13:44Z",
              "start_time": "2023-01-01T12:13:44Z",
              "stop": {
                "id": "v3-end",
                "location": {
                  "lat": 34.967146,
                  "lon": 135.772695
                }
              },
              "travel_distance": 3935,
              "travel_duration": 262
            }
          ],
          "route_duration": 824,
          "route_stops_duration": 300,
          "route_travel_distance": 7870,
          "route_travel_duration": 524
        },
        {
          "id": "v4",
          "route": [
            {
              "arrival_time": "2023-01-01T12:00:00Z",
              "cumulative_travel_duration": 0,
              "end_time": "2023-01-01T12:00:00Z",
              "start_time": "2023-01-01T12:00:00Z",
              "stop": {
                "id": "v4-start",
                "location": {
                  "lat": 34.967146,
                  "lon": 135.772695
                }
              },
              "travel_duration": 0
            },
            {
              "arrival_time": "2023-01-01T12:11:55Z",
              "cumulative_travel_distance": 10729,
              "cumulative_travel_duration": 715,
              "duration": 300,
              "early_arrival_duration": 485,
              "end_time": "2023-01-01T12:16:55Z",
              "start_time": "2023-01-01T12:11:55Z",
              "stop": {
                "id": "Arashiyama Bamboo Forest",
                "location": {
                  "lat": 35.017209,
                  "lon": 135.672009
                }
              },
              "target_arrival_time": "2023-01-01T12:20:00Z",
              "travel_distance": 10729,
              "travel_duration": 715
            },
            {
              "arrival_time": "2023-01-01T12:24:37Z",
              "cumulative_travel_distance": 17669,
              "cumulative_travel_duration": 1177,
              "duration": 300,
              "end_time": "2023-01-01T12:29:37Z",
              "late_arrival_duration": 277,
              "start_time": "2023-01-01T12:24:37Z",
              "stop": {
                "id": "Nijō Castle",
                "location": {
                  "lat": 35.014239,
                  "lon": 135.748134
                }
              },
              "target_arrival_time": "2023-01-01T12:20:00Z",
              "travel_distance": 6940,
              "travel_duration": 462
            },
            {
              "arrival_time": "2023-01-01T12:35:57Z",
              "cumulative_travel_distance": 23363,
              "cumulative_travel_duration": 1557,
              "end_time": "2023-01-01T12:35:57Z",
              "start_time": "2023-01-01T12:35:57Z",
              "stop": {
                "id": "v4-end",
                "location": {
                  "lat": 34.967146,
                  "lon": 135.772695
                }
              },
              "travel_distance": 5694,
              "travel_duration": 379
            }
          ],
          "route_duration": 2157,
          "route_stops_duration": 600,
          "route_travel_distance": 23363,
          "route_travel_duration": 1557
        }
      ]
    }
  ],
  "statistics": {
    "result": {
      "custom": {
        "activated_vehicles": 4,
        "max_duration": 0.123,
        "max_stops_in_vehicle": 2,
        "max_travel_duration": 0.123,
        "min_duration": 0.123,
        "min_stops_in_vehicle": 1,
        "min_travel_duration": 0.123,
        "unplanned_stops": 0
      },
      "duration": 0.123,
      "value": 0.123
    },
    "run": {
      "duration": 0.123,
      "iterations": 50
    },
    "schema": "v1"
  },
  "version": {
    "sdk": "VERSION"
  }
}
