{
  "duration_matrix": [
    {
      "vehicle_ids": ["v1"],
      "default_matrix": [
        [0, 720, 1020, 0, 0],
        [720, 0, 660, 0, 0],
        [1020, 660, 0, 0, 0],
        [0, 0, 0, 0, 0],
        [0, 0, 0, 0, 0]
      ],
      "matrix_time_frames": [
        {
          "start_time": "2023-01-01T12:03:00Z",
          "end_time": "2023-01-01T12:10:00Z",
          "scaling_factor": 2.0
        },
        {
          "start_time": "2023-01-01T12:12:00Z",
          "end_time": "2023-01-01T12:20:00Z",
          "scaling_factor": 2.0
        }
      ]
    },
    {
      "vehicle_ids": ["v2"],
      "default_matrix": [
        [0, 720, 1020, 0, 0],
        [720, 0, 660, 0, 0],
        [1020, 660, 0, 0, 0],
        [0, 0, 0, 0, 0],
        [0, 0, 0, 0, 0]
      ],
      "matrix_time_frames": [
        {
          "start_time": "2023-01-01T12:03:00Z",
          "end_time": "2023-01-01T12:10:00Z",
          "scaling_factor": 4.0
        },
        {
          "start_time": "2023-01-01T12:12:00Z",
          "end_time": "2023-01-01T12:20:00Z",
          "scaling_factor": 4.0
        }
      ]
    }
  ],
  "stops": [
    {
      "id": "Fushimi Inari Taisha",
      "location": {
        "lon": 135.772695,
        "lat": 34.967146
      }
    },
    {
      "id": "Kiyomizu-dera",
      "location": {
        "lon": 135.78506,
        "lat": 34.994857
      }
    },
    {
      "id": "Nij≈ç Castle",
      "location": {
        "lon": 135.748134,
        "lat": 35.014239
      }
    }
  ],
  "vehicles": [
    {
      "id": "v1",
      "start_time": "2023-01-01T12:00:00Z"
    },
    {
      "id": "v2",
      "start_time": "2023-01-01T12:00:00Z"
    }
  ]
}
