{
  "options": {
    "check": {
      "duration": 30000000000,
      "verbosity": "off"
    },
    "format": {
      "disable": {
        "progression": true
      }
    },
    "model": {
      "constraints": {
        "disable": {
          "attributes": false,
          "capacities": null,
          "capacity": false,
          "distance_limit": false,
          "groups": false,
          "maximum_duration": false,
          "maximum_stops": false,
          "maximum_wait_stop": false,
          "maximum_wait_vehicle": false,
          "mixing_items": false,
          "precedence": false,
          "start_time_windows": false,
          "vehicle_end_time": false,
          "vehicle_start_time": false
        },
        "enable": {
          "cluster": false
        }
      },
      "objectives": {
        "capacities": "",
        "cluster": 0,
        "early_arrival_penalty": 1,
        "late_arrival_penalty": 1,
        "min_stops": 1,
        "travel_duration": 0,
        "unplanned_penalty": 1,
        "vehicle_activation_penalty": 1,
        "vehicles_duration": 1
      },
      "properties": {
        "disable": {
          "duration_groups": false,
          "durations": false,
          "initial_solution": false,
          "stop_duration_multipliers": false
        }
      },
      "validate": {
        "disable": {
          "resources": false,
          "start_time": false
        },
        "enable": {
          "matrix": false,
          "matrix_asymmetry_tolerance": 20
        }
      }
    },
    "solve": {
      "duration": 10000000000,
      "iterations": 50,
      "parallel_runs": 1,
      "run_deterministically": true,
      "start_solutions": 1
    }
  },
  "solutions": [
    {
      "objective": {
        "name": "1 * vehicles_duration + 1 * unplanned_penalty + 1 * early_arrival_penalty",
        "objectives": [
          {
            "base": 1849.9679946899414,
            "factor": 1,
            "name": "vehicles_duration",
            "value": 1849.9679946899414
          },
          {
            "factor": 1,
            "name": "unplanned_penalty",
            "value": 0
          },
          {
            "base": 2933.5969705581665,
            "factor": 1,
            "name": "early_arrival_penalty",
            "value": 2933.5969705581665
          }
        ],
        "value": 4783.564965248108
      },
      "unplanned": [],
      "vehicles": [
        {
          "id": "v1",
          "route": [],
          "route_duration": 0,
          "route_travel_duration": 0
        },
        {
          "id": "v2",
          "route": [
            {
              "arrival_time": "2023-01-01T12:00:00Z",
              "cumulative_travel_duration": 0,
              "early_arrival_duration": 300,
              "end_time": "2023-01-01T12:00:00Z",
              "start_time": "2023-01-01T12:00:00Z",
              "stop": {
                "id": "Kiyomizu-dera",
                "location": {
                  "lat": 34.994857,
                  "lon": 135.78506
                }
              },
              "target_arrival_time": "2023-01-01T12:05:00Z",
              "travel_duration": 0
            },
            {
              "arrival_time": "2023-01-01T12:08:49Z",
              "cumulative_travel_distance": 10592,
              "cumulative_travel_duration": 529,
              "early_arrival_duration": 1271,
              "end_time": "2023-01-01T12:08:49Z",
              "start_time": "2023-01-01T12:08:49Z",
              "stop": {
                "id": "Arashiyama Bamboo Forest",
                "location": {
                  "lat": 35.017209,
                  "lon": 135.672009
                }
              },
              "target_arrival_time": "2023-01-01T12:30:00Z",
              "travel_distance": 10592,
              "travel_duration": 529
            },
            {
              "arrival_time": "2023-01-01T12:16:48Z",
              "cumulative_travel_distance": 20175,
              "cumulative_travel_duration": 1008,
              "early_arrival_duration": 192,
              "end_time": "2023-01-01T12:16:48Z",
              "start_time": "2023-01-01T12:16:48Z",
              "stop": {
                "id": "Gionmachi",
                "location": {
                  "lat": 35.002457,
                  "lon": 135.775682
                }
              },
              "target_arrival_time": "2023-01-01T12:20:00Z",
              "travel_distance": 9583,
              "travel_duration": 479
            },
            {
              "arrival_time": "2023-01-01T12:21:45Z",
              "cumulative_travel_distance": 26116,
              "cumulative_travel_duration": 1305,
              "early_arrival_duration": 195,
              "end_time": "2023-01-01T12:21:45Z",
              "start_time": "2023-01-01T12:21:45Z",
              "stop": {
                "id": "Kinkaku-ji",
                "location": {
                  "lat": 35.039705,
                  "lon": 135.728898
                }
              },
              "target_arrival_time": "2023-01-01T12:25:00Z",
              "travel_distance": 5941,
              "travel_duration": 297
            },
            {
              "arrival_time": "2023-01-01T12:24:36Z",
              "cumulative_travel_distance": 29526,
              "cumulative_travel_duration": 1476,
              "end_time": "2023-01-01T12:24:36Z",
              "start_time": "2023-01-01T12:24:36Z",
              "stop": {
                "id": "Kyoto Imperial Palace",
                "location": {
                  "lat": 35.025431,
                  "lon": 135.762057
                }
              },
              "target_arrival_time": "2023-01-01T12:15:00Z",
              "travel_distance": 3410,
              "travel_duration": 170
            },
            {
              "arrival_time": "2023-01-01T12:26:05Z",
              "cumulative_travel_distance": 31302,
              "cumulative_travel_duration": 1565,
              "end_time": "2023-01-01T12:26:05Z",
              "start_time": "2023-01-01T12:26:05Z",
              "stop": {
                "id": "Nij≈ç Castle",
                "location": {
                  "lat": 35.014239,
                  "lon": 135.748134
                }
              },
              "target_arrival_time": "2023-01-01T12:10:00Z",
              "travel_distance": 1776,
              "travel_duration": 88
            },
            {
              "arrival_time": "2023-01-01T12:30:49Z",
              "cumulative_travel_distance": 36996,
              "cumulative_travel_duration": 1849,
              "end_time": "2023-01-01T12:30:49Z",
              "start_time": "2023-01-01T12:30:49Z",
              "stop": {
                "id": "Fushimi Inari Taisha",
                "location": {
                  "lat": 34.967146,
                  "lon": 135.772695
                }
              },
              "target_arrival_time": "2023-01-01T12:00:00Z",
              "travel_distance": 5694,
              "travel_duration": 284
            }
          ],
          "route_duration": 1849,
          "route_travel_distance": 36996,
          "route_travel_duration": 1849
        }
      ]
    }
  ],
  "statistics": {
    "result": {
      "custom": {
        "activated_vehicles": 1,
        "max_duration": 1849,
        "max_stops_in_vehicle": 7,
        "max_travel_duration": 1849,
        "min_duration": 1849,
        "min_stops_in_vehicle": 7,
        "min_travel_duration": 1849,
        "unplanned_stops": 0
      },
      "duration": 0.123,
      "value": 4783.564965248108
    },
    "run": {
      "duration": 0.123,
      "iterations": 50
    },
    "schema": "v1"
  },
  "version": {
    "sdk": "VERSION"
  }
}
