{
  "options": {
    "check": {
      "duration": 30000000000,
      "verbosity": "off"
    },
    "format": {
      "disable": {
        "progression": true
      }
    },
    "model": {
      "constraints": {
        "disable": {
          "attributes": false,
          "capacities": null,
          "capacity": false,
          "distance_limit": false,
          "groups": false,
          "maximum_duration": false,
          "maximum_stops": false,
          "maximum_wait_stop": false,
          "maximum_wait_vehicle": false,
          "mixing_items": false,
          "precedence": false,
          "start_time_windows": false,
          "vehicle_end_time": false,
          "vehicle_start_time": false
        },
        "enable": {
          "cluster": false,
          "interleave": false
        }
      },
      "objectives": {
        "capacities": "",
        "cluster": 0,
        "early_arrival_penalty": 1,
        "late_arrival_penalty": 1,
        "min_stops": 1,
        "travel_duration": 0,
        "unplanned_penalty": 1,
        "vehicle_activation_penalty": 1,
        "vehicles_duration": 1
      },
      "properties": {
        "disable": {
          "duration_groups": false,
          "durations": false,
          "initial_solution": false,
          "stop_duration_multipliers": false
        }
      },
      "validate": {
        "disable": {
          "resources": false,
          "start_time": false
        },
        "enable": {
          "matrix": false,
          "matrix_asymmetry_tolerance": 20
        }
      }
    },
    "solve": {
      "duration": 10000000000,
      "iterations": 50,
      "parallel_runs": 1,
      "run_deterministically": true,
      "start_solutions": 1
    }
  },
  "solutions": [
    {
      "objective": {
        "name": "1 * vehicles_duration + 1 * unplanned_penalty",
        "objectives": [
          {
            "base": 3619.999972343445,
            "factor": 1,
            "name": "vehicles_duration",
            "value": 3619.999972343445
          },
          {
            "factor": 1,
            "name": "unplanned_penalty",
            "value": 0
          }
        ],
        "value": 3619.999972343445
      },
      "unplanned": [],
      "vehicles": [
        {
          "id": "v1",
          "route": [
            {
              "arrival_time": "2023-01-01T12:00:00Z",
              "cumulative_travel_duration": 0,
              "duration": 600,
              "end_time": "2023-01-01T12:10:00Z",
              "start_time": "2023-01-01T12:00:00Z",
              "stop": {
                "id": "stop1",
                "location": {
                  "lat": 51.96239909784941,
                  "lon": 7.640195127867031
                }
              },
              "travel_duration": 0
            },
            {
              "arrival_time": "2023-01-01T12:10:04Z",
              "cumulative_travel_distance": 999,
              "cumulative_travel_duration": 4,
              "duration": 600,
              "end_time": "2023-01-01T12:20:04Z",
              "start_time": "2023-01-01T12:10:04Z",
              "stop": {
                "id": "stop2",
                "location": {
                  "lat": 51.96239639139782,
                  "lon": 7.654790254559089
                }
              },
              "travel_distance": 999,
              "travel_duration": 4
            },
            {
              "arrival_time": "2023-01-01T12:20:09Z",
              "cumulative_travel_distance": 1998,
              "cumulative_travel_duration": 9,
              "duration": 600,
              "end_time": "2023-01-01T12:30:09Z",
              "start_time": "2023-01-01T12:20:09Z",
              "stop": {
                "id": "stop3",
                "location": {
                  "lat": 51.96239188064561,
                  "lon": 7.669385378901211
                }
              },
              "travel_distance": 999,
              "travel_duration": 4
            }
          ],
          "route_duration": 1809,
          "route_stops_duration": 1800,
          "route_travel_distance": 1998,
          "route_travel_duration": 9
        },
        {
          "id": "v2",
          "route": [
            {
              "arrival_time": "2023-01-01T12:00:00Z",
              "cumulative_travel_duration": 0,
              "duration": 600,
              "end_time": "2023-01-01T12:10:00Z",
              "start_time": "2023-01-01T12:00:00Z",
              "stop": {
                "id": "stop6",
                "location": {
                  "lat": 51.948991884557245,
                  "lon": 7.6826722947853625
                }
              },
              "travel_duration": 0
            },
            {
              "arrival_time": "2023-01-01T12:10:04Z",
              "cumulative_travel_distance": 999,
              "cumulative_travel_duration": 4,
              "duration": 600,
              "end_time": "2023-01-01T12:20:04Z",
              "start_time": "2023-01-01T12:10:04Z",
              "stop": {
                "id": "stop5",
                "location": {
                  "lat": 51.948996393136326,
                  "lon": 7.6680815318127316
                }
              },
              "travel_distance": 999,
              "travel_duration": 4
            },
            {
              "arrival_time": "2023-01-01T12:20:09Z",
              "cumulative_travel_distance": 1998,
              "cumulative_travel_duration": 9,
              "duration": 600,
              "end_time": "2023-01-01T12:30:09Z",
              "start_time": "2023-01-01T12:20:09Z",
              "stop": {
                "id": "stop4",
                "location": {
                  "lat": 51.94899909828405,
                  "lon": 7.653490766493093
                }
              },
              "travel_distance": 999,
              "travel_duration": 4
            }
          ],
          "route_duration": 1809,
          "route_stops_duration": 1800,
          "route_travel_distance": 1998,
          "route_travel_duration": 9
        }
      ]
    }
  ],
  "statistics": {
    "result": {
      "custom": {
        "activated_vehicles": 2,
        "max_duration": 1809,
        "max_stops_in_vehicle": 3,
        "max_travel_duration": 9,
        "min_duration": 1809,
        "min_stops_in_vehicle": 3,
        "min_travel_duration": 9,
        "unplanned_stops": 0
      },
      "duration": 0.123,
      "value": 3619.999972343445
    },
    "run": {
      "duration": 0.123,
      "iterations": 50
    },
    "schema": "v1"
  },
  "version": {
    "sdk": "VERSION"
  }
}
