{
  "options": {
    "check": {
      "duration": 30000000000,
      "verbosity": "off"
    },
    "format": {
      "disable": {
        "progression": true
      }
    },
    "model": {
      "constraints": {
        "disable": {
          "attributes": false,
          "capacities": null,
          "capacity": false,
          "distance_limit": false,
          "groups": false,
          "maximum_duration": false,
          "maximum_stops": false,
          "maximum_wait_stop": false,
          "maximum_wait_vehicle": false,
          "mixing_items": false,
          "precedence": false,
          "start_time_windows": false,
          "vehicle_end_time": false,
          "vehicle_start_time": false
        },
        "enable": {
          "cluster": false
        }
      },
      "objectives": {
        "capacities": "",
        "cluster": 0,
        "early_arrival_penalty": 1,
        "late_arrival_penalty": 1,
        "min_stops": 1,
        "travel_duration": 0,
        "unplanned_penalty": 1,
        "vehicle_activation_penalty": 1,
        "vehicles_duration": 1
      },
      "properties": {
        "disable": {
          "duration_groups": false,
          "durations": false,
          "initial_solution": false,
          "stop_duration_multipliers": false
        }
      },
      "validate": {
        "disable": {
          "resources": false,
          "start_time": false
        },
        "enable": {
          "matrix": false,
          "matrix_asymmetry_tolerance": 20
        }
      }
    },
    "solve": {
      "duration": 10000000000,
      "iterations": 50,
      "parallel_runs": 1,
      "run_deterministically": true,
      "start_solutions": 1
    }
  },
  "solutions": [
    {
      "objective": {
        "name": "1 * vehicles_duration + 1 * unplanned_penalty",
        "objectives": [
          {
            "base": 620.0061571598053,
            "factor": 1,
            "name": "vehicles_duration",
            "value": 620.0061571598053
          },
          {
            "base": 80000,
            "factor": 1,
            "name": "unplanned_penalty",
            "value": 80000
          }
        ],
        "value": 80620.0061571598
      },
      "unplanned": [
        {
          "id": "stop1",
          "location": {
            "lat": 51.9636,
            "lon": 7.6293
          }
        },
        {
          "id": "stop3",
          "location": {
            "lat": 51.9635,
            "lon": 7.6585
          }
        },
        {
          "id": "stop4",
          "location": {
            "lat": 51.9635,
            "lon": 7.6731
          }
        },
        {
          "id": "stop5",
          "location": {
            "lat": 51.9635,
            "lon": 7.6877
          }
        }
      ],
      "vehicles": [
        {
          "id": "v1",
          "route": [
            {
              "arrival_time": "2023-01-01T12:00:00Z",
              "cumulative_travel_duration": 0,
              "end_time": "2023-01-01T12:00:00Z",
              "start_time": "2023-01-01T12:00:00Z",
              "stop": {
                "id": "v1-start",
                "location": {
                  "lat": 51.9635,
                  "lon": 7.7023
                }
              },
              "travel_duration": 0
            },
            {
              "arrival_time": "2023-01-01T12:00:20Z",
              "cumulative_travel_distance": 4001,
              "cumulative_travel_duration": 20,
              "duration": 600,
              "end_time": "2023-01-01T12:10:20Z",
              "start_time": "2023-01-01T12:00:20Z",
              "stop": {
                "id": "stop2",
                "location": {
                  "lat": 51.9635,
                  "lon": 7.6439
                }
              },
              "travel_distance": 4001,
              "travel_duration": 20
            }
          ],
          "route_duration": 620,
          "route_stops_duration": 600,
          "route_travel_distance": 4001,
          "route_travel_duration": 20
        }
      ]
    }
  ],
  "statistics": {
    "result": {
      "custom": {
        "activated_vehicles": 1,
        "max_duration": 620,
        "max_stops_in_vehicle": 1,
        "max_travel_duration": 20,
        "min_duration": 620,
        "min_stops_in_vehicle": 1,
        "min_travel_duration": 20,
        "unplanned_stops": 4
      },
      "duration": 0.123,
      "value": 80620.0061571598
    },
    "run": {
      "duration": 0.123,
      "iterations": 50
    },
    "schema": "v1"
  },
  "version": {
    "sdk": "VERSION"
  }
}
