{
  "options": {
    "check": {
      "duration": 30000000000,
      "verbosity": "off"
    },
    "format": {
      "disable": {
        "progression": true
      }
    },
    "model": {
      "constraints": {
        "disable": {
          "attributes": false,
          "capacities": null,
          "capacity": false,
          "distance_limit": false,
          "groups": false,
          "maximum_duration": false,
          "maximum_stops": false,
          "maximum_wait_stop": false,
          "maximum_wait_vehicle": false,
          "mixing_items": false,
          "precedence": false,
          "start_time_windows": false,
          "vehicle_end_time": false,
          "vehicle_start_time": false
        },
        "enable": {
          "cluster": false,
          "interleave": false
        }
      },
      "objectives": {
        "capacities": "",
        "cluster": 0,
        "early_arrival_penalty": 1,
        "late_arrival_penalty": 1,
        "min_stops": 1,
        "travel_duration": 0,
        "unplanned_penalty": 1,
        "vehicle_activation_penalty": 1,
        "vehicles_duration": 1
      },
      "properties": {
        "disable": {
          "duration_groups": false,
          "durations": false,
          "initial_solution": false,
          "stop_duration_multipliers": false
        }
      },
      "validate": {
        "disable": {
          "resources": false,
          "start_time": false
        },
        "enable": {
          "matrix": false,
          "matrix_asymmetry_tolerance": 20
        }
      }
    },
    "solve": {
      "duration": 10000000000,
      "iterations": 50,
      "parallel_runs": 1,
      "run_deterministically": true,
      "start_solutions": 1
    }
  },
  "solutions": [
    {
      "objective": {
        "name": "1 * vehicles_duration + 1 * unplanned_penalty",
        "objectives": [
          {
            "base": 148.9095949929201,
            "factor": 1,
            "name": "vehicles_duration",
            "value": 148.9095949929201
          },
          {
            "base": 6000000,
            "factor": 1,
            "name": "unplanned_penalty",
            "value": 6000000
          }
        ],
        "value": 6000148.909594993
      },
      "unplanned": [
        {
          "id": "Arashiyama Bamboo Forest",
          "location": {
            "lat": 35.017209,
            "lon": 135.672009
          }
        },
        {
          "id": "Fushimi Inari Taisha",
          "location": {
            "lat": 34.967146,
            "lon": 135.772695
          }
        },
        {
          "id": "Kinkaku-ji",
          "location": {
            "lat": 35.039705,
            "lon": 135.728898
          }
        }
      ],
      "vehicles": [
        {
          "id": "v1",
          "route": [
            {
              "cumulative_travel_duration": 0,
              "stop": {
                "id": "Gionmachi",
                "location": {
                  "lat": 35.002457,
                  "lon": 135.775682
                }
              },
              "travel_duration": 0
            },
            {
              "cumulative_travel_distance": 1201,
              "cumulative_travel_duration": 60,
              "stop": {
                "id": "Kiyomizu-dera",
                "location": {
                  "lat": 34.994857,
                  "lon": 135.78506
                }
              },
              "travel_distance": 1201,
              "travel_duration": 60
            }
          ],
          "route_duration": 60,
          "route_travel_distance": 1201,
          "route_travel_duration": 60
        },
        {
          "id": "v2",
          "route": [
            {
              "cumulative_travel_duration": 0,
              "stop": {
                "id": "Kyoto Imperial Palace",
                "location": {
                  "lat": 35.025431,
                  "lon": 135.762057
                }
              },
              "travel_duration": 0
            },
            {
              "cumulative_travel_distance": 1776,
              "cumulative_travel_duration": 88,
              "stop": {
                "id": "Nij≈ç Castle",
                "location": {
                  "lat": 35.014239,
                  "lon": 135.748134
                }
              },
              "travel_distance": 1776,
              "travel_duration": 88
            }
          ],
          "route_duration": 88,
          "route_travel_distance": 1776,
          "route_travel_duration": 88
        }
      ]
    }
  ],
  "statistics": {
    "result": {
      "custom": {
        "activated_vehicles": 2,
        "max_duration": 88,
        "max_stops_in_vehicle": 2,
        "max_travel_duration": 88,
        "min_duration": 60,
        "min_stops_in_vehicle": 2,
        "min_travel_duration": 60,
        "unplanned_stops": 3
      },
      "duration": 0.123,
      "value": 6000148.909594993
    },
    "run": {
      "duration": 0.123,
      "iterations": 50
    },
    "schema": "v1"
  },
  "version": {
    "sdk": "VERSION"
  }
}
