{
  "options": {
    "check": {
      "duration": 30000000000,
      "verbosity": "off"
    },
    "format": {
      "disable": {
        "progression": true
      }
    },
    "model": {
      "constraints": {
        "disable": {
          "attributes": false,
          "capacities": null,
          "capacity": false,
          "distance_limit": false,
          "groups": false,
          "maximum_duration": false,
          "maximum_stops": false,
          "maximum_wait_stop": false,
          "maximum_wait_vehicle": false,
          "mixing_items": false,
          "precedence": false,
          "start_time_windows": false,
          "vehicle_end_time": false,
          "vehicle_start_time": false
        },
        "enable": {
          "cluster": false
        }
      },
      "objectives": {
        "capacities": "",
        "cluster": 0,
        "early_arrival_penalty": 1,
        "late_arrival_penalty": 1,
        "min_stops": 1,
        "stop_balance": 0,
        "travel_duration": 0,
        "unplanned_penalty": 1,
        "vehicle_activation_penalty": 1,
        "vehicles_duration": 1
      },
      "properties": {
        "disable": {
          "duration_groups": false,
          "durations": false,
          "initial_solution": false,
          "stop_duration_multipliers": false
        }
      },
      "validate": {
        "disable": {
          "resources": false,
          "start_time": false
        },
        "enable": {
          "matrix": false,
          "matrix_asymmetry_tolerance": 20
        }
      }
    },
    "solve": {
      "duration": 10000000000,
      "iterations": 50,
      "parallel_runs": 1,
      "run_deterministically": true,
      "start_solutions": 1
    }
  },
  "solutions": [
    {
      "objective": {
        "name": "1 * vehicles_duration + 1 * unplanned_penalty",
        "objectives": [
          {
            "base": 2400,
            "factor": 1,
            "name": "vehicles_duration",
            "value": 2400
          },
          {
            "factor": 1,
            "name": "unplanned_penalty",
            "value": 0
          }
        ],
        "value": 2400
      },
      "unplanned": [],
      "vehicles": [
        {
          "id": "v1",
          "route": [
            {
              "arrival_time": "2023-01-01T12:00:00Z",
              "cumulative_travel_duration": 0,
              "duration": 600,
              "end_time": "2023-01-01T12:10:00Z",
              "start_time": "2023-01-01T12:00:00Z",
              "stop": {
                "id": "Gionmachi",
                "location": {
                  "lat": 34.96714,
                  "lon": 135.77159
                }
              },
              "travel_duration": 0
            },
            {
              "arrival_time": "2023-01-01T12:10:00Z",
              "cumulative_travel_duration": 0,
              "duration": 600,
              "end_time": "2023-01-01T12:30:00Z",
              "start_time": "2023-01-01T12:20:00Z",
              "stop": {
                "id": "Kinkaku-ji",
                "location": {
                  "lat": 34.96714,
                  "lon": 135.77159
                }
              },
              "travel_duration": 0,
              "waiting_duration": 600
            },
            {
              "arrival_time": "2023-01-01T12:30:00Z",
              "cumulative_travel_duration": 0,
              "duration": 600,
              "end_time": "2023-01-01T12:40:00Z",
              "start_time": "2023-01-01T12:30:00Z",
              "stop": {
                "id": "Kyoto Imperial Palace",
                "location": {
                  "lat": 34.96714,
                  "lon": 135.77159
                }
              },
              "travel_duration": 0
            }
          ],
          "route_duration": 2400,
          "route_stops_duration": 1800,
          "route_travel_duration": 0,
          "route_waiting_duration": 600
        }
      ]
    }
  ],
  "statistics": {
    "result": {
      "custom": {
        "activated_vehicles": 1,
        "max_duration": 2400,
        "max_stops_in_vehicle": 3,
        "max_travel_duration": 0,
        "min_duration": 2400,
        "min_stops_in_vehicle": 3,
        "min_travel_duration": 0,
        "unplanned_stops": 0
      },
      "duration": 0.123,
      "value": 2400
    },
    "run": {
      "duration": 0.123,
      "iterations": 50
    },
    "schema": "v1"
  },
  "version": {
    "sdk": "VERSION"
  }
}
