{
  "stops": [
    {
      "id": "Fushimi Inari Taisha",
      "location": { "lon": 135.772695, "lat": 34.967146 },
      "precedes": "Kiyomizu-dera"
    },
    {
      "id": "Kiyomizu-dera",
      "location": { "lon": 135.78506, "lat": 34.994857 }
    },
    {
      "id": "Nijō Castle",
      "location": { "lon": 135.748134, "lat": 35.014239 },
      "precedes": "Kiyomizu-dera"
    },
    {
      "id": "Kyoto Imperial Palace",
      "location": { "lon": 135.762057, "lat": 35.025431 },
      "precedes": "Kiyomizu-dera"
    },
    {
      "id": "Gionmachi",
      "location": { "lon": 135.775682, "lat": 35.002457 },
      "precedes": "Kiyomizu-dera"
    },
    {
      "id": "Kinkaku-ji",
      "location": { "lon": 135.728898, "lat": 35.039705 },
      "precedes": "Kiyomizu-dera"
    },
    {
      "id": "Arashiyama Bamboo Forest",
      "location": { "lon": 135.672009, "lat": 35.017209 },
      "precedes": "Kiyomizu-dera"
    },
    {
      "id": "Fushimi Inari Taisha Copy",
      "location": { "lon": 135.72696, "lat": 34.967146 },
      "precedes": "Kiyomizu-dera"
    },
    {
      "id": "Nijō Castle Copy",
      "location": { "lon": 135.748135, "lat": 35.014239 },
      "precedes": "Kiyomizu-dera"
    },
    {
      "id": "Kyoto Imperial Palace Copy",
      "location": { "lon": 135.762058, "lat": 35.025431 },
      "precedes": "Kiyomizu-dera"
    },
    {
      "id": "Gionmachi Copy",
      "location": { "lon": 135.775683, "lat": 35.002457 },
      "precedes": "Kiyomizu-dera"
    },
    {
      "id": "Kinkaku-ji Copy",
      "location": { "lon": 135.728899, "lat": 35.039705 },
      "precedes": "Kiyomizu-dera"
    },
    {
      "id": "Arashiyama Bamboo Forest Copy",
      "location": { "lon": 135.672008, "lat": 35.017209 },
      "precedes": "Kiyomizu-dera"
    }
  ],
  "vehicles": [
    {
      "id": "v1",
      "speed": 20
    }
  ]
}
