{
  "options": {
    "check": {
      "duration": 30000000000,
      "verbosity": "off"
    },
    "format": {
      "disable": {
        "progression": true
      }
    },
    "model": {
      "constraints": {
        "disable": {
          "attributes": false,
          "capacities": null,
          "capacity": false,
          "distance_limit": false,
          "groups": false,
          "maximum_duration": false,
          "maximum_stops": false,
          "maximum_wait_stop": false,
          "maximum_wait_vehicle": false,
          "mixing_items": false,
          "precedence": false,
          "start_time_windows": false,
          "vehicle_end_time": false,
          "vehicle_start_time": false
        },
        "enable": {
          "cluster": false,
          "interleave": false
        }
      },
      "objectives": {
        "capacities": "",
        "cluster": 0,
        "early_arrival_penalty": 1,
        "late_arrival_penalty": 1,
        "min_stops": 1,
        "travel_duration": 0,
        "unplanned_penalty": 1,
        "vehicle_activation_penalty": 1,
        "vehicles_duration": 1
      },
      "properties": {
        "disable": {
          "duration_groups": false,
          "durations": false,
          "initial_solution": false,
          "stop_duration_multipliers": false
        }
      },
      "validate": {
        "disable": {
          "resources": false,
          "start_time": false
        },
        "enable": {
          "matrix": false,
          "matrix_asymmetry_tolerance": 20
        }
      }
    },
    "solve": {
      "duration": 10000000000,
      "iterations": 50,
      "parallel_runs": 1,
      "run_deterministically": true,
      "start_solutions": 1
    }
  },
  "solutions": [
    {
      "objective": {
        "name": "1 * vehicles_duration + 1 * unplanned_penalty",
        "objectives": [
          {
            "base": 3887.616171836853,
            "factor": 1,
            "name": "vehicles_duration",
            "value": 3887.616171836853
          },
          {
            "factor": 1,
            "name": "unplanned_penalty",
            "value": 0
          }
        ],
        "value": 3887.616171836853
      },
      "unplanned": [],
      "vehicles": [
        {
          "id": "v1",
          "route": [
            {
              "arrival_time": "2023-01-01T12:00:00Z",
              "cumulative_travel_duration": 0,
              "duration": 300,
              "end_time": "2023-01-01T12:05:00Z",
              "start_time": "2023-01-01T12:00:00Z",
              "stop": {
                "id": "Fushimi Inari Taisha",
                "location": {
                  "lat": 34.967146,
                  "lon": 135.772695
                }
              },
              "travel_duration": 0
            },
            {
              "arrival_time": "2023-01-01T12:07:44Z",
              "cumulative_travel_distance": 3280,
              "cumulative_travel_duration": 164,
              "duration": 300,
              "end_time": "2023-01-01T12:12:44Z",
              "start_time": "2023-01-01T12:07:44Z",
              "stop": {
                "id": "Kiyomizu-dera",
                "location": {
                  "lat": 34.994857,
                  "lon": 135.78506
                }
              },
              "travel_distance": 3280,
              "travel_duration": 164
            },
            {
              "arrival_time": "2023-01-01T12:16:03Z",
              "cumulative_travel_distance": 7273,
              "cumulative_travel_duration": 363,
              "duration": 300,
              "end_time": "2023-01-01T12:21:03Z",
              "start_time": "2023-01-01T12:16:03Z",
              "stop": {
                "id": "Kyoto Imperial Palace",
                "location": {
                  "lat": 35.025431,
                  "lon": 135.762057
                }
              },
              "travel_distance": 3993,
              "travel_duration": 199
            },
            {
              "arrival_time": "2023-01-01T12:23:54Z",
              "cumulative_travel_distance": 10683,
              "cumulative_travel_duration": 534,
              "duration": 300,
              "end_time": "2023-01-01T12:30:00Z",
              "start_time": "2023-01-01T12:25:00Z",
              "stop": {
                "id": "Kinkaku-ji",
                "location": {
                  "lat": 35.039705,
                  "lon": 135.728898
                }
              },
              "travel_distance": 3410,
              "travel_duration": 170,
              "waiting_duration": 66
            },
            {
              "arrival_time": "2023-01-01T12:34:47Z",
              "cumulative_travel_distance": 16435,
              "cumulative_travel_duration": 821,
              "duration": 300,
              "end_time": "2023-01-01T12:39:47Z",
              "start_time": "2023-01-01T12:34:47Z",
              "stop": {
                "id": "Arashiyama Bamboo Forest",
                "location": {
                  "lat": 35.017209,
                  "lon": 135.672009
                }
              },
              "travel_distance": 5752,
              "travel_duration": 287
            }
          ],
          "route_duration": 2387,
          "route_stops_duration": 1500,
          "route_travel_distance": 16435,
          "route_travel_duration": 821,
          "route_waiting_duration": 66
        },
        {
          "id": "v2",
          "route": [
            {
              "arrival_time": "2023-01-01T12:00:00Z",
              "cumulative_travel_duration": 0,
              "duration": 300,
              "end_time": "2023-01-01T12:15:00Z",
              "start_time": "2023-01-01T12:10:00Z",
              "stop": {
                "id": "Nij≈ç Castle",
                "location": {
                  "lat": 35.014239,
                  "lon": 135.748134
                }
              },
              "travel_duration": 0,
              "waiting_duration": 600
            },
            {
              "arrival_time": "2023-01-01T12:17:21Z",
              "cumulative_travel_distance": 2830,
              "cumulative_travel_duration": 141,
              "duration": 300,
              "end_time": "2023-01-01T12:25:00Z",
              "start_time": "2023-01-01T12:20:00Z",
              "stop": {
                "id": "Gionmachi",
                "location": {
                  "lat": 35.002457,
                  "lon": 135.775682
                }
              },
              "travel_distance": 2830,
              "travel_duration": 141,
              "waiting_duration": 159
            }
          ],
          "route_duration": 1500,
          "route_stops_duration": 600,
          "route_travel_distance": 2830,
          "route_travel_duration": 141,
          "route_waiting_duration": 759
        }
      ]
    }
  ],
  "statistics": {
    "result": {
      "custom": {
        "activated_vehicles": 2,
        "max_duration": 2387,
        "max_stops_in_vehicle": 5,
        "max_travel_duration": 821,
        "min_duration": 1500,
        "min_stops_in_vehicle": 2,
        "min_travel_duration": 141,
        "unplanned_stops": 0
      },
      "duration": 0.123,
      "value": 3887.616171836853
    },
    "run": {
      "duration": 0.123,
      "iterations": 50
    },
    "schema": "v1"
  },
  "version": {
    "sdk": "VERSION"
  }
}
