{
  "options": {
    "check": {
      "duration": 30000000000,
      "verbosity": "off"
    },
    "format": {
      "disable": {
        "progression": true
      }
    },
    "model": {
      "constraints": {
        "disable": {
          "attributes": false,
          "capacities": null,
          "capacity": false,
          "distance_limit": false,
          "groups": false,
          "maximum_duration": false,
          "maximum_stops": false,
          "maximum_wait_stop": false,
          "maximum_wait_vehicle": false,
          "mixing_items": false,
          "precedence": false,
          "start_time_windows": false,
          "vehicle_end_time": false,
          "vehicle_start_time": false
        },
        "enable": {
          "cluster": false
        }
      },
      "objectives": {
        "capacities": "",
        "cluster": 0,
        "early_arrival_penalty": 1,
        "late_arrival_penalty": 1,
        "min_stops": 1,
        "stop_balance": 0,
        "travel_duration": 0,
        "unplanned_penalty": 1,
        "vehicle_activation_penalty": 1,
        "vehicles_duration": 1
      },
      "properties": {
        "disable": {
          "duration_groups": false,
          "durations": false,
          "initial_solution": false,
          "stop_duration_multipliers": false
        }
      },
      "validate": {
        "disable": {
          "resources": false,
          "start_time": false
        },
        "enable": {
          "matrix": false,
          "matrix_asymmetry_tolerance": 20
        }
      }
    },
    "solve": {
      "duration": 10000000000,
      "iterations": 50,
      "parallel_runs": 1,
      "run_deterministically": true,
      "start_solutions": 1
    }
  },
  "solutions": [
    {
      "objective": {
        "name": "1 * vehicles_duration + 1 * unplanned_penalty",
        "objectives": [
          {
            "base": 2109.046635866165,
            "factor": 1,
            "name": "vehicles_duration",
            "value": 2109.046635866165
          },
          {
            "factor": 1,
            "name": "unplanned_penalty",
            "value": 0
          }
        ],
        "value": 2109.046635866165
      },
      "unplanned": [],
      "vehicles": [
        {
          "id": "v1",
          "route": [
            {
              "arrival_time": "2023-01-01T12:00:00Z",
              "cumulative_travel_duration": 0,
              "end_time": "2023-01-01T12:00:00Z",
              "start_time": "2023-01-01T12:00:00Z",
              "stop": {
                "id": "v1-start",
                "location": {
                  "lat": 35.017209,
                  "lon": 135.672009
                }
              },
              "travel_duration": 0
            },
            {
              "arrival_time": "2023-01-01T12:00:00Z",
              "cumulative_travel_duration": 0,
              "end_time": "2023-01-01T12:00:00Z",
              "start_time": "2023-01-01T12:00:00Z",
              "stop": {
                "id": "Arashiyama Bamboo Forest",
                "location": {
                  "lat": 35.017209,
                  "lon": 135.672009
                }
              },
              "travel_duration": 0
            },
            {
              "arrival_time": "2023-01-01T12:04:47Z",
              "cumulative_travel_distance": 5752,
              "cumulative_travel_duration": 287,
              "end_time": "2023-01-01T12:04:47Z",
              "start_time": "2023-01-01T12:04:47Z",
              "stop": {
                "id": "Kinkaku-ji",
                "location": {
                  "lat": 35.039705,
                  "lon": 135.728898
                }
              },
              "travel_distance": 5752,
              "travel_duration": 287
            },
            {
              "arrival_time": "2023-01-01T12:07:34Z",
              "cumulative_travel_distance": 9081,
              "cumulative_travel_duration": 454,
              "duration": 180,
              "end_time": "2023-01-01T12:10:34Z",
              "start_time": "2023-01-01T12:07:34Z",
              "stop": {
                "id": "Nij≈ç Castle",
                "location": {
                  "lat": 35.014239,
                  "lon": 135.748134
                }
              },
              "travel_distance": 3329,
              "travel_duration": 166
            },
            {
              "arrival_time": "2023-01-01T12:12:02Z",
              "cumulative_travel_distance": 10857,
              "cumulative_travel_duration": 542,
              "duration": 600,
              "end_time": "2023-01-01T12:22:02Z",
              "start_time": "2023-01-01T12:12:02Z",
              "stop": {
                "id": "Kyoto Imperial Palace",
                "location": {
                  "lat": 35.025431,
                  "lon": 135.762057
                }
              },
              "travel_distance": 1776,
              "travel_duration": 88
            },
            {
              "arrival_time": "2023-01-01T12:24:24Z",
              "cumulative_travel_distance": 13696,
              "cumulative_travel_duration": 684,
              "end_time": "2023-01-01T12:24:24Z",
              "start_time": "2023-01-01T12:24:24Z",
              "stop": {
                "id": "Gionmachi",
                "location": {
                  "lat": 35.002457,
                  "lon": 135.775682
                }
              },
              "travel_distance": 2839,
              "travel_duration": 141
            },
            {
              "arrival_time": "2023-01-01T12:25:25Z",
              "cumulative_travel_distance": 14897,
              "cumulative_travel_duration": 745,
              "duration": 120,
              "end_time": "2023-01-01T12:27:25Z",
              "start_time": "2023-01-01T12:25:25Z",
              "stop": {
                "id": "Kiyomizu-dera",
                "location": {
                  "lat": 34.994857,
                  "lon": 135.78506
                }
              },
              "travel_distance": 1201,
              "travel_duration": 60
            },
            {
              "arrival_time": "2023-01-01T12:30:09Z",
              "cumulative_travel_distance": 18177,
              "cumulative_travel_duration": 909,
              "duration": 300,
              "end_time": "2023-01-01T12:35:09Z",
              "start_time": "2023-01-01T12:30:09Z",
              "stop": {
                "id": "Fushimi Inari Taisha",
                "location": {
                  "lat": 34.967146,
                  "lon": 135.772695
                }
              },
              "travel_distance": 3280,
              "travel_duration": 164
            }
          ],
          "route_duration": 2109,
          "route_stops_duration": 1200,
          "route_travel_distance": 18177,
          "route_travel_duration": 909
        }
      ]
    }
  ],
  "statistics": {
    "result": {
      "custom": {
        "activated_vehicles": 1,
        "max_duration": 0.123,
        "max_stops_in_vehicle": 7,
        "max_travel_duration": 0.123,
        "min_duration": 0.123,
        "min_stops_in_vehicle": 7,
        "min_travel_duration": 0.123,
        "unplanned_stops": 0
      },
      "duration": 0.123,
      "value": 0.123
    },
    "run": {
      "duration": 0.123,
      "iterations": 50
    },
    "schema": "v1"
  },
  "version": {
    "sdk": "VERSION"
  }
}
